======================================================================
S7 nASAP Full Dataset Processing
======================================================================

Reading metadata: D:\vscode_projects\ee_download\asap-dataset\asap-dataset\metadata.csv
Total rows: 1066
Rows with maestro_audio_performance: 519

[1/519] (0.0 pieces/s) Processing Bach/Fugue_bwv_846/Bach/Fugue/bwv_846/Shi05M.mid

[21/519] (1.2 pieces/s) Processing Bach/Fugue_bwv_857/Bach/Fugue/bwv_857/YuP01M.mid
D:\ProgramData\envs\nemo_test\Lib\site-packages\partitura\directions.py:526: UserWarning: error parsing "(   )" (UnexpectedCharacters)
  warnings.warn('error parsing "{}" ({})'.format(string, type(e).__name__))

[41/519] (0.9 pieces/s) Processing Bach/Fugue_bwv_870/Bach/Fugue/bwv_870/LeeE01M.mid

[61/519] (0.9 pieces/s) Processing Bach/Fugue_bwv_885/Bach/Fugue/bwv_885/JeonH01M.mid

[81/519] (0.9 pieces/s) Processing Bach/Prelude_bwv_848/Bach/Prelude/bwv_848/Lin04M.mid

[101/519] (1.0 pieces/s) Processing Bach/Prelude_bwv_860/Bach/Prelude/bwv_860/Ko04M.mid

[121/519] (1.1 pieces/s) Processing Bach/Prelude_bwv_873/Bach/Prelude/bwv_873/Lisiecki13M.mid
D:\ProgramData\envs\nemo_test\Lib\site-packages\partitura\io\importmusicxml.py:1112: UserWarning: ignoring direction type: metronome {'parentheses': 'no', 'default-x': '-51.17', 'relative-y': '20.00'}
  warnings.warn("ignoring direction type: {} {}".format(dt.tag, dt.attrib))

[141/519] (1.2 pieces/s) Processing Bach/Prelude_bwv_889/Bach/Prelude/bwv_889/LiuY01M.mid
D:\ProgramData\envs\nemo_test\Lib\site-packages\partitura\directions.py:526: UserWarning: error parsing "Tranquillo" (UnexpectedCharacters)
  warnings.warn('error parsing "{}" ({})'.format(string, type(e).__name__))
D:\ProgramData\envs\nemo_test\Lib\site-packages\partitura\directions.py:526: UserWarning: error parsing "Poco pi¨´ mosso, energico" (UnexpectedCharacters)
  warnings.warn('error parsing "{}" ({})'.format(string, type(e).__name__))
D:\ProgramData\envs\nemo_test\Lib\site-packages\partitura\directions.py:526: UserWarning: error parsing "a tempo energico" (UnexpectedCharacters)
  warnings.warn('error parsing "{}" ({})'.format(string, type(e).__name__))
D:\ProgramData\envs\nemo_test\Lib\site-packages\partitura\directions.py:526: UserWarning: error parsing "Tranquillo Tempo I" (UnexpectedCharacters)
  warnings.warn('error parsing "{}" ({})'.format(string, type(e).__name__))
D:\ProgramData\envs\nemo_test\Lib\site-packages\partitura\io\importmusicxml.py:644: UserWarning: <backup> crosses measure boundary, adjusting position from 363603 to 363609 in Measure 257
  warnings.warn(
D:\ProgramData\envs\nemo_test\Lib\site-packages\partitura\directions.py:526: UserWarning: error parsing "Presto furioso" (UnexpectedCharacters)
  warnings.warn('error parsing "{}" ({})'.format(string, type(e).__name__))
D:\ProgramData\envs\nemo_test\Lib\site-packages\partitura\io\importmusicxml.py:1309: UserWarning: not adding duplicate or conflicting dynamics indication
  warnings.warn("not adding duplicate or conflicting dynamics indication")

[161/519] (0.4 pieces/s) Processing Beethoven/Piano_Sonatas_12-1/Beethoven/Piano_Sonatas/12-1/Kleisen05M.mid
D:\ProgramData\envs\nemo_test\Lib\site-packages\partitura\directions.py:526: UserWarning: error parsing "Andante con Variazoni" (UnexpectedCharacters)
  warnings.warn('error parsing "{}" ({})'.format(string, type(e).__name__))
D:\ProgramData\envs\nemo_test\Lib\site-packages\partitura\directions.py:526: UserWarning: error parsing "Var. I" (UnexpectedCharacters)
  warnings.warn('error parsing "{}" ({})'.format(string, type(e).__name__))
D:\ProgramData\envs\nemo_test\Lib\site-packages\partitura\directions.py:526: UserWarning: error parsing "Var. II" (UnexpectedCharacters)
  warnings.warn('error parsing "{}" ({})'.format(string, type(e).__name__))
D:\ProgramData\envs\nemo_test\Lib\site-packages\partitura\directions.py:526: UserWarning: error parsing "Var. III" (UnexpectedCharacters)
  warnings.warn('error parsing "{}" ({})'.format(string, type(e).__name__))
D:\ProgramData\envs\nemo_test\Lib\site-packages\partitura\directions.py:526: UserWarning: error parsing "Var. IV" (UnexpectedCharacters)
  warnings.warn('error parsing "{}" ({})'.format(string, type(e).__name__))
D:\ProgramData\envs\nemo_test\Lib\site-packages\partitura\directions.py:526: UserWarning: error parsing "Var. V" (UnexpectedCharacters)
  warnings.warn('error parsing "{}" ({})'.format(string, type(e).__name__))
D:\ProgramData\envs\nemo_test\Lib\site-packages\partitura\directions.py:526: UserWarning: error parsing "senza sordini" (UnexpectedCharacters)
  warnings.warn('error parsing "{}" ({})'.format(string, type(e).__name__))
D:\ProgramData\envs\nemo_test\Lib\site-packages\partitura\io\importmusicxml.py:1112: UserWarning: ignoring direction type: bracket {'type': 'start', 'number': '1', 'line-end': 'none', 'line-type': 'solid'}
  warnings.warn("ignoring direction type: {} {}".format(dt.tag, dt.attrib))
D:\ProgramData\envs\nemo_test\Lib\site-packages\partitura\io\importmusicxml.py:489: UserWarning: Found repeat without start
Starting point 0 is assumed
  warnings.warn(
D:\ProgramData\envs\nemo_test\Lib\site-packages\partitura\io\importmusicxml.py:644: UserWarning: <backup> crosses measure boundary, adjusting position from 34680 to 35280 in Measure 8
  warnings.warn(
D:\ProgramData\envs\nemo_test\Lib\site-packages\partitura\io\importmusicxml.py:644: UserWarning: <backup> crosses measure boundary, adjusting position from 246360 to 246960 in Measure 50
  warnings.warn(
D:\ProgramData\envs\nemo_test\Lib\site-packages\partitura\io\importmusicxml.py:644: UserWarning: <backup> crosses measure boundary, adjusting position from 468680 to 468720 in Measure 94
  warnings.warn(
D:\ProgramData\envs\nemo_test\Lib\site-packages\partitura\io\importmusicxml.py:644: UserWarning: <backup> crosses measure boundary, adjusting position from 498360 to 498960 in Measure 100
  warnings.warn(
D:\ProgramData\envs\nemo_test\Lib\site-packages\partitura\io\importmusicxml.py:644: UserWarning: <backup> crosses measure boundary, adjusting position from 503400 to 504000 in Measure 101
  warnings.warn(
D:\ProgramData\envs\nemo_test\Lib\site-packages\partitura\directions.py:526: UserWarning: error parsing "\u266d" (UnexpectedCharacters)
  warnings.warn('error parsing "{}" ({})'.format(string, type(e).__name__))
D:\ProgramData\envs\nemo_test\Lib\site-packages\partitura\directions.py:526: UserWarning: error parsing "a" (UnexpectedCharacters)
  warnings.warn('error parsing "{}" ({})'.format(string, type(e).__name__))
D:\ProgramData\envs\nemo_test\Lib\site-packages\partitura\directions.py:443: UserWarning: unhandled: tempo
  warnings.warn("unhandled: {}".format(string[start:end]))

[181/519] (0.3 pieces/s) Processing Beethoven/Piano_Sonatas_18-1/Beethoven/Piano_Sonatas/18-1/ZhangH05M.mid
D:\ProgramData\envs\nemo_test\Lib\site-packages\partitura\directions.py:526: UserWarning: error parsing "ri -" (UnexpectedCharacters)
  warnings.warn('error parsing "{}" ({})'.format(string, type(e).__name__))
D:\ProgramData\envs\nemo_test\Lib\site-packages\partitura\directions.py:526: UserWarning: error parsing "tar -" (UnexpectedCharacters)
  warnings.warn('error parsing "{}" ({})'.format(string, type(e).__name__))
D:\ProgramData\envs\nemo_test\Lib\site-packages\partitura\directions.py:526: UserWarning: error parsing "dan -" (UnexpectedCharacters)
  warnings.warn('error parsing "{}" ({})'.format(string, type(e).__name__))
D:\ProgramData\envs\nemo_test\Lib\site-packages\partitura\directions.py:526: UserWarning: error parsing "do" (UnexpectedCharacters)
  warnings.warn('error parsing "{}" ({})'.format(string, type(e).__name__))
